******************************************************************************
                  TI ARM Linker PC v20.2.5                     
******************************************************************************
>> Linked Fri May  7 00:38:04 2021

OUTPUT FILE NAME:   <Lab6.out>
ENTRY POINT SYMBOL: "_c_int00_noargs"  address: 000006b5


MEMORY CONFIGURATION

         name            origin    length      used     unused   attr    fill
----------------------  --------  ---------  --------  --------  ----  --------
  FLASH                 00000000   00040000  00000782  0003f87e  R  X
  SRAM                  20000000   00008000  00000204  00007dfc  RW X


SEGMENT ALLOCATION MAP

run origin  load origin   length   init length attrs members
----------  ----------- ---------- ----------- ----- -------
00000000    00000000    00000788   00000788    r-x
  00000000    00000000    0000026c   0000026c    r-- .intvecs
  0000026c    0000026c    000004fe   000004fe    r-x .text
  00000770    00000770    00000018   00000018    r-- .cinit
20000000    20000000    00000204   00000000    rw-
  20000000    20000000    00000200   00000000    rw- .stack
  20000200    20000200    00000004   00000000    rw- .data


SECTION ALLOCATION MAP

 output                                  attributes/
section   page    origin      length       input sections
--------  ----  ----------  ----------   ----------------
.intvecs   0    00000000    0000026c     
                  00000000    0000026c     tm4c123gh6pm_startup_ccs.obj (.intvecs)

.text      0    0000026c    000004fe     
                  0000026c    00000132     driverlib.lib : gpio.obj (.text:GPIOPadConfigSet)
                  0000039e    00000002     --HOLE-- [fill = 0]
                  000003a0    000000f4                   : sysctl.obj (.text:SysCtlClockSet)
                  00000494    000000a4     main.obj (.text)
                  00000538    0000009c     rtsv7M4_T_le_v4SPD16_eabi.lib : memcpy_t2.asm.obj (.text)
                  000005d4    00000068                                   : copy_decompress_lzss.c.obj (.text:decompress:lzss:__TI_decompress_lzss)
                  0000063c    00000044                                   : autoinit.c.obj (.text:__TI_auto_init_nobinit_nopinit:__TI_auto_init_nobinit_nopinit)
                  00000680    00000034     driverlib.lib : sysctl.obj (.text:SysCtlPeripheralEnable)
                  000006b4    00000034     rtsv7M4_T_le_v4SPD16_eabi.lib : boot_cortex_m.c.obj (.text:_c_int00_noargs:_c_int00_noargs)
                  000006e8    0000002a     driverlib.lib : gpio.obj (.text:GPIODirModeSet)
                  00000712    00000018                   : gpio.obj (.text:GPIOPinTypeGPIOOutput)
                  0000072a    00000012                   : gpio.obj (.text:GPIOPinTypeGPIOInput)
                  0000073c    0000000e     rtsv7M4_T_le_v4SPD16_eabi.lib : copy_decompress_none.c.obj (.text:decompress:none:__TI_decompress_none)
                  0000074a    0000000c     tm4c123gh6pm_startup_ccs.obj (.text)
                  00000756    00000006     driverlib.lib : gpio.obj (.text:GPIOPinWrite)
                  0000075c    00000006                   : sysctl.obj (.text:SysCtlDelay)
                  00000762    00000004     rtsv7M4_T_le_v4SPD16_eabi.lib : pre_init.c.obj (.text:_system_pre_init)
                  00000766    00000004                                   : exit.c.obj (.text:abort:abort)

.cinit     0    00000770    00000018     
                  00000770    00000008     (.cinit..data.load) [load image, compression = lzss]
                  00000778    00000008     (__TI_handler_table)
                  00000780    00000008     (__TI_cinit_table)

.init_array 
*          0    00000000    00000000     UNINITIALIZED

.data      0    20000200    00000004     UNINITIALIZED
                  20000200    00000004     main.obj (.data)

.stack     0    20000000    00000200     UNINITIALIZED
                  20000000    00000004     rtsv7M4_T_le_v4SPD16_eabi.lib : boot_cortex_m.c.obj (.stack)
                  20000004    000001fc     --HOLE--

__llvm_prf_cnts 
*          0    20000000    00000000     UNINITIALIZED

MODULE SUMMARY

       Module                         code   ro data   rw data
       ------                         ----   -------   -------
    .\
       tm4c123gh6pm_startup_ccs.obj   12     620       0      
       main.obj                       164    0         4      
    +--+------------------------------+------+---------+---------+
       Total:                         176    620       4      
                                                              
    C:/ti/TivaWare_C_Series-2.1.4.178/driverlib/ccs/Debug/driverlib.lib
       gpio.obj                       396    0         0      
       sysctl.obj                     302    0         0      
    +--+------------------------------+------+---------+---------+
       Total:                         698    0         0      
                                                              
    C:\ti\ccs1031\ccs\tools\compiler\ti-cgt-arm_20.2.5.LTS\lib\rtsv7M4_T_le_v4SPD16_eabi.lib
       memcpy_t2.asm.obj              156    0         0      
       copy_decompress_lzss.c.obj     104    0         0      
       autoinit.c.obj                 68     0         0      
       boot_cortex_m.c.obj            52     0         0      
       copy_decompress_none.c.obj     14     0         0      
       exit.c.obj                     4      0         0      
       pre_init.c.obj                 4      0         0      
    +--+------------------------------+------+---------+---------+
       Total:                         402    0         0      
                                                              
       Stack:                         0      0         512    
       Linker Generated:              0      24        0      
    +--+------------------------------+------+---------+---------+
       Grand Total:                   1276   644       516    


LINKER GENERATED COPY TABLES

__TI_cinit_table @ 00000780 records: 1, size/record: 8, table size: 8
	.data: load addr=00000770, load size=00000008 bytes, run addr=20000200, run size=00000004 bytes, compression=lzss


LINKER GENERATED HANDLER TABLE

__TI_handler_table @ 00000778 records: 2, size/record: 4, table size: 8
	index: 0, handler: __TI_decompress_lzss
	index: 1, handler: __TI_decompress_none


GLOBAL SYMBOLS: SORTED ALPHABETICALLY BY Name 

address   name                          
-------   ----                          
00000767  C$$EXIT                       
000006e9  GPIODirModeSet                
0000026d  GPIOPadConfigSet              
0000072b  GPIOPinTypeGPIOInput          
00000713  GPIOPinTypeGPIOOutput         
00000757  GPIOPinWrite                  
0000074b  ResetISR                      
000003a1  SysCtlClockSet                
0000075d  SysCtlDelay                   
00000681  SysCtlPeripheralEnable        
20000200  __STACK_END                   
00000200  __STACK_SIZE                  
20000200  __STACK_TOP                   
00000780  __TI_CINIT_Base               
00000788  __TI_CINIT_Limit              
00000778  __TI_Handler_Table_Base       
00000780  __TI_Handler_Table_Limit      
0000063d  __TI_auto_init_nobinit_nopinit
000005d5  __TI_decompress_lzss          
0000073d  __TI_decompress_none          
ffffffff  __TI_pprof_out_hndl           
ffffffff  __TI_prof_data_size           
ffffffff  __TI_prof_data_start          
00000000  __TI_static_base__            
00000539  __aeabi_memcpy                
00000539  __aeabi_memcpy4               
00000539  __aeabi_memcpy8               
ffffffff  __binit__                     
ffffffff  __c_args__                    
UNDEFED   __mpu_init                    
20000000  __stack                       
20000000  __start___llvm_prf_cnts       
20000000  __stop___llvm_prf_cnts        
000006b5  _c_int00_noargs               
UNDEFED   _system_post_cinit            
00000763  _system_pre_init              
00000767  abort                         
ffffffff  binit                         
00000000  g_pfnVectors                  
00000495  main                          
00000539  memcpy                        
20000200  state                         


GLOBAL SYMBOLS: SORTED BY Symbol Address 

address   name                          
-------   ----                          
00000000  __TI_static_base__            
00000000  g_pfnVectors                  
00000200  __STACK_SIZE                  
0000026d  GPIOPadConfigSet              
000003a1  SysCtlClockSet                
00000495  main                          
00000539  __aeabi_memcpy                
00000539  __aeabi_memcpy4               
00000539  __aeabi_memcpy8               
00000539  memcpy                        
000005d5  __TI_decompress_lzss          
0000063d  __TI_auto_init_nobinit_nopinit
00000681  SysCtlPeripheralEnable        
000006b5  _c_int00_noargs               
000006e9  GPIODirModeSet                
00000713  GPIOPinTypeGPIOOutput         
0000072b  GPIOPinTypeGPIOInput          
0000073d  __TI_decompress_none          
0000074b  ResetISR                      
00000757  GPIOPinWrite                  
0000075d  SysCtlDelay                   
00000763  _system_pre_init              
00000767  C$$EXIT                       
00000767  abort                         
00000778  __TI_Handler_Table_Base       
00000780  __TI_CINIT_Base               
00000780  __TI_Handler_Table_Limit      
00000788  __TI_CINIT_Limit              
20000000  __stack                       
20000000  __start___llvm_prf_cnts       
20000000  __stop___llvm_prf_cnts        
20000200  __STACK_END                   
20000200  __STACK_TOP                   
20000200  state                         
ffffffff  __TI_pprof_out_hndl           
ffffffff  __TI_prof_data_size           
ffffffff  __TI_prof_data_start          
ffffffff  __binit__                     
ffffffff  __c_args__                    
ffffffff  binit                         
UNDEFED   __mpu_init                    
UNDEFED   _system_post_cinit            

[42 symbols]
