******************************************************************************
                  TI ARM Linker PC v20.2.5                     
******************************************************************************
>> Linked Fri May 14 09:40:47 2021

OUTPUT FILE NAME:   <Lab6.out>
ENTRY POINT SYMBOL: "_c_int00_noargs"  address: 000006e1


MEMORY CONFIGURATION

         name            origin    length      used     unused   attr    fill
----------------------  --------  ---------  --------  --------  ----  --------
  FLASH                 00000000   00040000  000007e8  0003f818  R  X
  SRAM                  20000000   00008000  00000208  00007df8  RW X


SEGMENT ALLOCATION MAP

run origin  load origin   length   init length attrs members
----------  ----------- ---------- ----------- ----- -------
00000000    00000000    000007e8   000007e8    r-x
  00000000    00000000    0000026c   0000026c    r-- .intvecs
  0000026c    0000026c    0000054c   0000054c    r-x .text
  000007b8    000007b8    00000030   00000030    r-- .cinit
20000000    20000000    00000208   00000000    rw-
  20000000    20000000    00000200   00000000    rw- .stack
  20000200    20000200    00000004   00000000    rw- .bss
  20000204    20000204    00000004   00000000    rw- .data


SECTION ALLOCATION MAP

 output                                  attributes/
section   page    origin      length       input sections
--------  ----  ----------  ----------   ----------------
.intvecs   0    00000000    0000026c     
                  00000000    0000026c     tm4c123gh6pm_startup_ccs.obj (.intvecs)

.text      0    0000026c    0000054c     
                  0000026c    00000132     driverlib.lib : gpio.obj (.text:GPIOPadConfigSet)
                  0000039e    00000002     --HOLE-- [fill = 0]
                  000003a0    000000f4                   : sysctl.obj (.text:SysCtlClockSet)
                  00000494    000000d0     main.obj (.text)
                  00000564    0000009c     rtsv7M4_T_le_v4SPD16_eabi.lib : memcpy_t2.asm.obj (.text)
                  00000600    00000068                                   : copy_decompress_lzss.c.obj (.text:decompress:lzss:__TI_decompress_lzss)
                  00000668    00000044                                   : autoinit.c.obj (.text:__TI_auto_init_nobinit_nopinit:__TI_auto_init_nobinit_nopinit)
                  000006ac    00000034     driverlib.lib : sysctl.obj (.text:SysCtlPeripheralEnable)
                  000006e0    00000034     rtsv7M4_T_le_v4SPD16_eabi.lib : boot_cortex_m.c.obj (.text:_c_int00_noargs:_c_int00_noargs)
                  00000714    0000002a     driverlib.lib : gpio.obj (.text:GPIODirModeSet)
                  0000073e    0000001c     rtsv7M4_T_le_v4SPD16_eabi.lib : copy_zero_init.c.obj (.text:decompress:ZI:__TI_zero_init_nomemset:__TI_zero_init_nomemset)
                  0000075a    00000018     driverlib.lib : gpio.obj (.text:GPIOPinTypeGPIOOutput)
                  00000772    00000012                   : gpio.obj (.text:GPIOPinTypeGPIOInput)
                  00000784    0000000e     rtsv7M4_T_le_v4SPD16_eabi.lib : copy_decompress_none.c.obj (.text:decompress:none:__TI_decompress_none)
                  00000792    0000000c     tm4c123gh6pm_startup_ccs.obj (.text)
                  0000079e    00000006     driverlib.lib : gpio.obj (.text:GPIOPinRead)
                  000007a4    00000006                   : gpio.obj (.text:GPIOPinWrite)
                  000007aa    00000006                   : sysctl.obj (.text:SysCtlDelay)
                  000007b0    00000004     rtsv7M4_T_le_v4SPD16_eabi.lib : pre_init.c.obj (.text:_system_pre_init)
                  000007b4    00000004                                   : exit.c.obj (.text:abort:abort)

.cinit     0    000007b8    00000030     
                  000007b8    0000000c     (__TI_handler_table)
                  000007c4    00000004     --HOLE-- [fill = 0]
                  000007c8    00000008     (.cinit..bss.load) [load image, compression = zero_init]
                  000007d0    00000007     (.cinit..data.load) [load image, compression = lzss]
                  000007d7    00000001     --HOLE-- [fill = 0]
                  000007d8    00000010     (__TI_cinit_table)

.init_array 
*          0    00000000    00000000     UNINITIALIZED

.bss       0    20000200    00000004     UNINITIALIZED
                  20000200    00000004     (.common:push)

.data      0    20000204    00000004     UNINITIALIZED
                  20000204    00000004     main.obj (.data)

.stack     0    20000000    00000200     UNINITIALIZED
                  20000000    00000004     rtsv7M4_T_le_v4SPD16_eabi.lib : boot_cortex_m.c.obj (.stack)
                  20000004    000001fc     --HOLE--

__llvm_prf_cnts 
*          0    20000000    00000000     UNINITIALIZED

MODULE SUMMARY

       Module                         code   ro data   rw data
       ------                         ----   -------   -------
    .\
       tm4c123gh6pm_startup_ccs.obj   12     620       0      
       main.obj                       208    0         8      
    +--+------------------------------+------+---------+---------+
       Total:                         220    620       8      
                                                              
    C:/ti/TivaWare_C_Series-2.1.4.178/driverlib/ccs/Debug/driverlib.lib
       gpio.obj                       402    0         0      
       sysctl.obj                     302    0         0      
    +--+------------------------------+------+---------+---------+
       Total:                         704    0         0      
                                                              
    C:\ti\ccs1031\ccs\tools\compiler\ti-cgt-arm_20.2.5.LTS\lib\rtsv7M4_T_le_v4SPD16_eabi.lib
       memcpy_t2.asm.obj              156    0         0      
       copy_decompress_lzss.c.obj     104    0         0      
       autoinit.c.obj                 68     0         0      
       boot_cortex_m.c.obj            52     0         0      
       copy_zero_init.c.obj           28     0         0      
       copy_decompress_none.c.obj     14     0         0      
       exit.c.obj                     4      0         0      
       pre_init.c.obj                 4      0         0      
    +--+------------------------------+------+---------+---------+
       Total:                         430    0         0      
                                                              
       Stack:                         0      0         512    
       Linker Generated:              0      43        0      
    +--+------------------------------+------+---------+---------+
       Grand Total:                   1354   663       520    


LINKER GENERATED COPY TABLES

__TI_cinit_table @ 000007d8 records: 2, size/record: 8, table size: 16
	.bss: load addr=000007c8, load size=00000008 bytes, run addr=20000200, run size=00000004 bytes, compression=zero_init
	.data: load addr=000007d0, load size=00000007 bytes, run addr=20000204, run size=00000004 bytes, compression=lzss


LINKER GENERATED HANDLER TABLE

__TI_handler_table @ 000007b8 records: 3, size/record: 4, table size: 12
	index: 0, handler: __TI_decompress_lzss
	index: 1, handler: __TI_decompress_none
	index: 2, handler: __TI_zero_init


GLOBAL SYMBOLS: SORTED ALPHABETICALLY BY Name 

address   name                          
-------   ----                          
000007b5  C$$EXIT                       
00000715  GPIODirModeSet                
0000026d  GPIOPadConfigSet              
0000079f  GPIOPinRead                   
00000773  GPIOPinTypeGPIOInput          
0000075b  GPIOPinTypeGPIOOutput         
000007a5  GPIOPinWrite                  
00000793  ResetISR                      
000003a1  SysCtlClockSet                
000007ab  SysCtlDelay                   
000006ad  SysCtlPeripheralEnable        
20000200  __STACK_END                   
00000200  __STACK_SIZE                  
20000200  __STACK_TOP                   
000007d8  __TI_CINIT_Base               
000007e8  __TI_CINIT_Limit              
000007b8  __TI_Handler_Table_Base       
000007c4  __TI_Handler_Table_Limit      
00000669  __TI_auto_init_nobinit_nopinit
00000601  __TI_decompress_lzss          
00000785  __TI_decompress_none          
ffffffff  __TI_pprof_out_hndl           
ffffffff  __TI_prof_data_size           
ffffffff  __TI_prof_data_start          
00000000  __TI_static_base__            
0000073f  __TI_zero_init_nomemset       
00000565  __aeabi_memcpy                
00000565  __aeabi_memcpy4               
00000565  __aeabi_memcpy8               
ffffffff  __binit__                     
ffffffff  __c_args__                    
UNDEFED   __mpu_init                    
20000000  __stack                       
20000000  __start___llvm_prf_cnts       
20000000  __stop___llvm_prf_cnts        
000006e1  _c_int00_noargs               
UNDEFED   _system_post_cinit            
000007b1  _system_pre_init              
000007b5  abort                         
ffffffff  binit                         
00000000  g_pfnVectors                  
00000495  main                          
00000565  memcpy                        
20000200  push                          
20000204  state                         


GLOBAL SYMBOLS: SORTED BY Symbol Address 

address   name                          
-------   ----                          
00000000  __TI_static_base__            
00000000  g_pfnVectors                  
00000200  __STACK_SIZE                  
0000026d  GPIOPadConfigSet              
000003a1  SysCtlClockSet                
00000495  main                          
00000565  __aeabi_memcpy                
00000565  __aeabi_memcpy4               
00000565  __aeabi_memcpy8               
00000565  memcpy                        
00000601  __TI_decompress_lzss          
00000669  __TI_auto_init_nobinit_nopinit
000006ad  SysCtlPeripheralEnable        
000006e1  _c_int00_noargs               
00000715  GPIODirModeSet                
0000073f  __TI_zero_init_nomemset       
0000075b  GPIOPinTypeGPIOOutput         
00000773  GPIOPinTypeGPIOInput          
00000785  __TI_decompress_none          
00000793  ResetISR                      
0000079f  GPIOPinRead                   
000007a5  GPIOPinWrite                  
000007ab  SysCtlDelay                   
000007b1  _system_pre_init              
000007b5  C$$EXIT                       
000007b5  abort                         
000007b8  __TI_Handler_Table_Base       
000007c4  __TI_Handler_Table_Limit      
000007d8  __TI_CINIT_Base               
000007e8  __TI_CINIT_Limit              
20000000  __stack                       
20000000  __start___llvm_prf_cnts       
20000000  __stop___llvm_prf_cnts        
20000200  __STACK_END                   
20000200  __STACK_TOP                   
20000200  push                          
20000204  state                         
ffffffff  __TI_pprof_out_hndl           
ffffffff  __TI_prof_data_size           
ffffffff  __TI_prof_data_start          
ffffffff  __binit__                     
ffffffff  __c_args__                    
ffffffff  binit                         
UNDEFED   __mpu_init                    
UNDEFED   _system_post_cinit            

[45 symbols]
